// Vitest Snapshot v1, https://vitest.dev/guide/snapshot.html

exports[`generateMod > generates stable modinfo and core SQL files for the demo project > demo modinfo 1`] = `
"<?xml version="1.0" encoding="utf-8"?>
<Mod id="61470afb-0000-4000-8000-61470afb6147" version="1">
  <Properties>
    <Name>Demo Forge Leader</Name>
    <Description>Generated custom leader and civilization mod scaffold.</Description>
    <Teaser>Avery Vale leads Demo Commonwealth.</Teaser>
    <Authors>Civ6 Leader Forge</Authors>
    <AffectsSavedGames>1</AffectsSavedGames>
    <CompatibleVersions>1.2,2.0</CompatibleVersions>
  </Properties>
  <Files>
    <File>Data/Civilization.sql</File>
    <File>Data/Leader.sql</File>
    <File>Data/Traits.sql</File>
    <File>Data/Agenda.sql</File>
    <File>Data/Colors.sql</File>
    <File>Text/LocalizedText_en_US.sql</File>
    <File>Text/LocalizedText_zh_Hans.sql</File>
  </Files>
  <Components>
    <UpdateDatabase id="DEMO_FORGE_Data">
      <Items>
        <File>Data/Civilization.sql</File>
        <File>Data/Leader.sql</File>
        <File>Data/Traits.sql</File>
        <File>Data/Agenda.sql</File>
        <File>Data/Colors.sql</File>
      </Items>
    </UpdateDatabase>
    <LocalizedText id="DEMO_FORGE_Text">
      <Items>
        <File>Text/LocalizedText_en_US.sql</File>
        <File>Text/LocalizedText_zh_Hans.sql</File>
      </Items>
    </LocalizedText>
  </Components>
</Mod>
"
`;

exports[`generateMod > generates stable modinfo and core SQL files for the demo project > leader sql 1`] = `
"-- Generated by Civ6 Leader Forge. Leader art definitions are intentionally left as TODO.

INSERT OR REPLACE INTO Types (Type, Kind) VALUES
  ('LEADER_DEMO_FORGE', 'KIND_LEADER');

INSERT OR REPLACE INTO Leaders
  (LeaderType, Name, InheritFrom, SceneLayers)
VALUES
  ('LEADER_DEMO_FORGE', 'LOC_LEADER_DEMO_FORGE_NAME', 'LEADER_DEFAULT', 4);

INSERT OR REPLACE INTO LeaderQuotes (LeaderType, Quote) VALUES
  ('LEADER_DEMO_FORGE', 'LOC_PEDIA_LEADERS_PAGE_LEADER_DEMO_FORGE_QUOTE');

INSERT OR REPLACE INTO LeaderTraits (LeaderType, TraitType) VALUES
  ('LEADER_DEMO_FORGE', 'TRAIT_LEADER_DEMO_FORGE_ABILITY');

INSERT OR REPLACE INTO LoadingInfo
  (LeaderType, ForegroundImage, BackgroundImage, PlayDawnOfManAudio)
VALUES
  ('LEADER_DEMO_FORGE', 'leader-portrait-512x512.png', 'leader-background-1024x576.png', 0);
"
`;
